[aquavision.b12sites.com/index.html]
[backblue.gif]
[fade.gif]
[index.html]
[code.jquery.com/jquery-3.3.1.min.js]
[aquavision.b12sites.com/assets/fonts/roboto-cyrillic-ext-normal-300.woff2]
[aquavision.b12sites.com/assets/fonts/roboto-cyrillic-normal-300.woff2]
[aquavision.b12sites.com/assets/fonts/roboto-greek-ext-normal-300.woff2]
[aquavision.b12sites.com/assets/fonts/roboto-greek-normal-300.woff2]
[aquavision.b12sites.com/assets/fonts/roboto-vietnamese-normal-300.woff2]
[aquavision.b12sites.com/assets/fonts/roboto-latin-ext-normal-300.woff2]
[aquavision.b12sites.com/assets/fonts/roboto-latin-normal-300.woff2]
[aquavision.b12sites.com/assets/fonts/roboto-cyrillic-ext-normal-400.woff2]
[aquavision.b12sites.com/assets/fonts/roboto-cyrillic-normal-400.woff2]
[aquavision.b12sites.com/assets/fonts/roboto-greek-ext-normal-400.woff2]
[aquavision.b12sites.com/assets/fonts/roboto-greek-normal-400.woff2]
[aquavision.b12sites.com/assets/fonts/roboto-vietnamese-normal-400.woff2]
[aquavision.b12sites.com/assets/fonts/roboto-latin-ext-normal-400.woff2]
[aquavision.b12sites.com/assets/fonts/roboto-latin-normal-400.woff2]
[aquavision.b12sites.com/assets/fonts/roboto-cyrillic-ext-normal-500.woff2]
[aquavision.b12sites.com/assets/fonts/roboto-cyrillic-normal-500.woff2]
[aquavision.b12sites.com/assets/fonts/roboto-greek-ext-normal-500.woff2]
[aquavision.b12sites.com/assets/fonts/roboto-greek-normal-500.woff2]
[aquavision.b12sites.com/assets/fonts/roboto-vietnamese-normal-500.woff2]
[aquavision.b12sites.com/assets/fonts/roboto-latin-ext-normal-500.woff2]
[aquavision.b12sites.com/assets/fonts/roboto-latin-normal-500.woff2]
[aquavision.b12sites.com/assets/fonts/roboto-cyrillic-ext-normal-700.woff2]
[aquavision.b12sites.com/assets/fonts/roboto-cyrillic-normal-700.woff2]
[aquavision.b12sites.com/assets/fonts/roboto-greek-ext-normal-700.woff2]
[aquavision.b12sites.com/assets/fonts/roboto-greek-normal-700.woff2]
[aquavision.b12sites.com/assets/fonts/roboto-vietnamese-normal-700.woff2]
[aquavision.b12sites.com/assets/fonts/roboto-latin-ext-normal-700.woff2]
[aquavision.b12sites.com/assets/fonts/roboto-latin-normal-700.woff2]
[aquavision.b12sites.com/assets/fonts/fontawesome-webfont-674f50d287a8c48dc19ba404d20fe713.eot]
[aquavision.b12sites.com/assets/fonts/fontawesome-webfont-674f50d287a8c48dc19ba404d20fe713d41d.eot]
[aquavision.b12sites.com/assets/fonts/fontawesome-webfont-fee66e712a8a08eef5805a46892932ad.3e.delayed]
[aquavision.b12sites.com/assets/fonts/fontawesome-webfont-fee66e712a8a08eef5805a46892932ad.woff]
[aquavision.b12sites.com/assets/fonts/fontawesome-webfont-b06871f281fee6b241d60582ae9369b9.ttf]
[aquavision.b12sites.com/assets/fonts/ajax-loader-c5cd7f5300576ab4c88202b42f6ded62.gif]
[aquavision.b12sites.com/assets/fonts/slick-ced611daf7709cc778da928fec876475.eot]
[aquavision.b12sites.com/assets/fonts/slick-ced611daf7709cc778da928fec876475d41d.eot]
[aquavision.b12sites.com/assets/fonts/slick-b7c9e1e479de3b53f1e4e30ebac2403a.woff]
[aquavision.b12sites.com/assets/fonts/slick-d41f55a78e6f49a5512878df1737e58a.ttf]
[aquavision.b12sites.com/assets/fonts/slick-f97e3bbf73254b0112091d0192f17aec.svg]
[aquavision.b12sites.com/index-2.html]
[aquavision.b12sites.com/assets/fonts/fontawesome-webfont-912ec66d7572ff821749319396470bde.svg]
[aquavision.b12sites.com/window.54.delayed]
[cdn.b12.io/client_media/6A79uigl/cfa97a68-3f6e-11ef-9be2-0242ac110002-jpg-hero_image.jpg]
[cdn.b12.io/client_media/6A79uigl/efb88b74-3f6d-11ef-a850-0242ac110002-jpg-regular_image.jpg]
[cdn.b12.io/client_media/6A79uigl/f1b45ef8-3f6d-11ef-a850-0242ac110002-jpg-regular_image.jpg]
[aquavision.b12sites.com/sea-creatures-detection.html]
[cdn.b12.io/prod_traffic/global.js]
[www.google.com/recaptcha/apifb47.js]
[aquavision.b12sites.com/index.html]
[aquavision.b12sites.com/assets/fonts/fontawesome-webfont-fee66e712a8a08eef5805a46892932ad.html]
[aquavision.b12sites.com/assets/fonts/fontawesome-webfont-912ec66d7572ff821749319396470bde.svg]
[aquavision.b12sites.com/assets/fonts/slick-f97e3bbf73254b0112091d0192f17aec.svg]
[aquavision.b12sites.com/index-2.html]
[aquavision.b12sites.com/window.html]
[aquavision.b12sites.com/scheduling.html]
[cdn.b12.io/client_media/6A79uigl/ef3d27a4-3f6d-11ef-a850-0242ac110002-jpg-hero_image.jpg]
[aquavision.b12sites.com/sea-creatures-detection.html]
[aquavision.b12sites.com/trash-detection.html]
[cdn.b12.io/client_media/6A79uigl/f1539fb4-3f6d-11ef-a850-0242ac110002-jpg-hero_image.jpg]
[aquavision.b12sites.com/trash-detection.html]
[aquavision.b12sites.com/assets/bundle-26df06bbde665912c7803cd668f15047.js]
[aquavision.b12sites.com/scheduling.html]
